// Jest Snapshot v1, https://goo.gl/fbAQLP

exports[`Button should render Button 1`] = `
<div
  className=""
>
  <button
    className="btn style"
    disabled={false}
    onClick={[MockFunction]}
  >
    &lt;h1&gt;Head&lt;/h1&gt;
     
  </button>
</div>
`;
